Sections:
00: ".bss" (0-A)
01: ".data" (0-A)
02: ".text" (0-5)


Source: "boot.asm"
                                    	     1: # boot.asm Qupls assembly language
                                    	     2: 
                                    	     3: 	.bss
00:0000000000000000 00              	     4: 	.space	10
00:0000000000000001 *
                                    	     5: 
                                    	     6: 	.data
01:0000000000000000 00              	     7: 	.space	10
01:0000000000000001 *
                                    	     8: 	.sdreg 60
                                    	     9: 
                                    	    10: #	.org	0xFFFFFFFFFFFD0000
                                    	    11: 	.text
                                    	    12: #	.align	0
                                    	    13: .extern	_bootrom
                                    	    14: 
                                    	    15: start:
02:0000000000000000 2000000000      	    16: 	bra _bootrom
                                    	    17: 


Symbols by name:
_bootrom                        external EXP
start                           02:0000000000000000

Symbols by value:
0000000000000000 start
